--- direct delete ---
Derived.greet
~Derived
~Base
--- base ptr delete ---
Derived.greet
~Derived
~Base
--- base delete ---
Base.greet
~Base
--- 3-level via base ptr ---
Leaf.greet
~Leaf
~Middle
~Base
--- 3-level via middle ptr ---
Leaf.greet
~Leaf
~Middle
~Base
--- 3-level direct ---
Leaf.greet
~Leaf
~Middle
~Base
Test23 done
