=== Labeled Break ===
Breaking outer at i=0
After outer loop
=== Labeled Continue ===
i=0 j=0
i=1 j=0
i=2 j=0
Done
=== Unlabeled Break ===
0
1
2
Done
=== Labeled While ===
Exited at i=1
=== Labeled Do-While ===
Exited at i=2
=== Triple Nested ===
Breaking outer at count=15
Total iterations: 15
=== Labeled Continue While ===
Completed inner loop for i=0
Completed inner loop for i=1
Completed inner loop for i=3
Skipped: 1
